========================================================================
'Test for 4-print_square.py'
========================================================================
'Funtion to test:  print_square()'
========================================================================

'Import function'
>>> print_square = __import__('4-print_square').print_square

******************
Correct 
******************
>>> print_square(0)

>>> print_square(4)
####
####
####
####

******************
Incorrect 
******************
>>> print_square(4.5)
Traceback (most recent call last):
TypeError: size must be an integer

>>> print_square("s")
Traceback (most recent call last):
TypeError: size must be an integer

>>> print_square(-2)
Traceback (most recent call last):
ValueError: size must be >= 0

>>> print_square()
Traceback (most recent call last):
TypeError: print_square() missing 1 required positional argument: 'size'

>>> print_square(2, 3)
Traceback (most recent call last):
TypeError: print_square() takes 1 positional argument but 2 were given

>>> print_square(None)
Traceback (most recent call last):
TypeError: size must be an integer